version https://git-lfs.github.com/spec/v1
oid sha256:15583688ca83a24f43239d8139663376ba8c7f44a1f99a57f5a7c40bc6d6a233
size 365213
